Archive member included to satisfy reference by file (symbol)

C:/ST/STM32CubeIDE_1.17.0/STM32CubeIDE/plugins/com.st.stm32cube.ide.mcu.externaltools.gnu-tools-for-stm32.12.3.rel1.win32_1.1.0.202410251130/tools/bin/../lib/gcc/arm-none-eabi/12.3.1/../../../../arm-none-eabi/lib/thumb/v7e-m+fp/hard\libc_nano.a(libc_a-exit.o)
                              C:/ST/STM32CubeIDE_1.17.0/STM32CubeIDE/plugins/com.st.stm32cube.ide.mcu.externaltools.gnu-tools-for-stm32.12.3.rel1.win32_1.1.0.202410251130/tools/bin/../lib/gcc/arm-none-eabi/12.3.1/../../../../arm-none-eabi/lib/thumb/v7e-m+fp/hard/crt0.o (exit)
C:/ST/STM32CubeIDE_1.17.0/STM32CubeIDE/plugins/com.st.stm32cube.ide.mcu.externaltools.gnu-tools-for-stm32.12.3.rel1.win32_1.1.0.202410251130/tools/bin/../lib/gcc/arm-none-eabi/12.3.1/../../../../arm-none-eabi/lib/thumb/v7e-m+fp/hard\libc_nano.a(libc_a-findfp.o)
                              C:/ST/STM32CubeIDE_1.17.0/STM32CubeIDE/plugins/com.st.stm32cube.ide.mcu.externaltools.gnu-tools-for-stm32.12.3.rel1.win32_1.1.0.202410251130/tools/bin/../lib/gcc/arm-none-eabi/12.3.1/../../../../arm-none-eabi/lib/thumb/v7e-m+fp/hard\libc_nano.a(libc_a-exit.o) (__stdio_exit_handler)
C:/ST/STM32CubeIDE_1.17.0/STM32CubeIDE/plugins/com.st.stm32cube.ide.mcu.externaltools.gnu-tools-for-stm32.12.3.rel1.win32_1.1.0.202410251130/tools/bin/../lib/gcc/arm-none-eabi/12.3.1/../../../../arm-none-eabi/lib/thumb/v7e-m+fp/hard\libc_nano.a(libc_a-fwalk.o)
                              C:/ST/STM32CubeIDE_1.17.0/STM32CubeIDE/plugins/com.st.stm32cube.ide.mcu.externaltools.gnu-tools-for-stm32.12.3.rel1.win32_1.1.0.202410251130/tools/bin/../lib/gcc/arm-none-eabi/12.3.1/../../../../arm-none-eabi/lib/thumb/v7e-m+fp/hard\libc_nano.a(libc_a-findfp.o) (_fwalk_sglue)
C:/ST/STM32CubeIDE_1.17.0/STM32CubeIDE/plugins/com.st.stm32cube.ide.mcu.externaltools.gnu-tools-for-stm32.12.3.rel1.win32_1.1.0.202410251130/tools/bin/../lib/gcc/arm-none-eabi/12.3.1/../../../../arm-none-eabi/lib/thumb/v7e-m+fp/hard\libc_nano.a(libc_a-stdio.o)
                              C:/ST/STM32CubeIDE_1.17.0/STM32CubeIDE/plugins/com.st.stm32cube.ide.mcu.externaltools.gnu-tools-for-stm32.12.3.rel1.win32_1.1.0.202410251130/tools/bin/../lib/gcc/arm-none-eabi/12.3.1/../../../../arm-none-eabi/lib/thumb/v7e-m+fp/hard\libc_nano.a(libc_a-findfp.o) (__sread)
C:/ST/STM32CubeIDE_1.17.0/STM32CubeIDE/plugins/com.st.stm32cube.ide.mcu.externaltools.gnu-tools-for-stm32.12.3.rel1.win32_1.1.0.202410251130/tools/bin/../lib/gcc/arm-none-eabi/12.3.1/../../../../arm-none-eabi/lib/thumb/v7e-m+fp/hard\libc_nano.a(libc_a-memset.o)
                              C:/ST/STM32CubeIDE_1.17.0/STM32CubeIDE/plugins/com.st.stm32cube.ide.mcu.externaltools.gnu-tools-for-stm32.12.3.rel1.win32_1.1.0.202410251130/tools/bin/../lib/gcc/arm-none-eabi/12.3.1/../../../../arm-none-eabi/lib/thumb/v7e-m+fp/hard/crt0.o (memset)
C:/ST/STM32CubeIDE_1.17.0/STM32CubeIDE/plugins/com.st.stm32cube.ide.mcu.externaltools.gnu-tools-for-stm32.12.3.rel1.win32_1.1.0.202410251130/tools/bin/../lib/gcc/arm-none-eabi/12.3.1/../../../../arm-none-eabi/lib/thumb/v7e-m+fp/hard\libc_nano.a(libc_a-closer.o)
                              C:/ST/STM32CubeIDE_1.17.0/STM32CubeIDE/plugins/com.st.stm32cube.ide.mcu.externaltools.gnu-tools-for-stm32.12.3.rel1.win32_1.1.0.202410251130/tools/bin/../lib/gcc/arm-none-eabi/12.3.1/../../../../arm-none-eabi/lib/thumb/v7e-m+fp/hard\libc_nano.a(libc_a-stdio.o) (_close_r)
C:/ST/STM32CubeIDE_1.17.0/STM32CubeIDE/plugins/com.st.stm32cube.ide.mcu.externaltools.gnu-tools-for-stm32.12.3.rel1.win32_1.1.0.202410251130/tools/bin/../lib/gcc/arm-none-eabi/12.3.1/../../../../arm-none-eabi/lib/thumb/v7e-m+fp/hard\libc_nano.a(libc_a-reent.o)
                              C:/ST/STM32CubeIDE_1.17.0/STM32CubeIDE/plugins/com.st.stm32cube.ide.mcu.externaltools.gnu-tools-for-stm32.12.3.rel1.win32_1.1.0.202410251130/tools/bin/../lib/gcc/arm-none-eabi/12.3.1/../../../../arm-none-eabi/lib/thumb/v7e-m+fp/hard\libc_nano.a(libc_a-closer.o) (errno)
C:/ST/STM32CubeIDE_1.17.0/STM32CubeIDE/plugins/com.st.stm32cube.ide.mcu.externaltools.gnu-tools-for-stm32.12.3.rel1.win32_1.1.0.202410251130/tools/bin/../lib/gcc/arm-none-eabi/12.3.1/../../../../arm-none-eabi/lib/thumb/v7e-m+fp/hard\libc_nano.a(libc_a-impure.o)
                              C:/ST/STM32CubeIDE_1.17.0/STM32CubeIDE/plugins/com.st.stm32cube.ide.mcu.externaltools.gnu-tools-for-stm32.12.3.rel1.win32_1.1.0.202410251130/tools/bin/../lib/gcc/arm-none-eabi/12.3.1/../../../../arm-none-eabi/lib/thumb/v7e-m+fp/hard\libc_nano.a(libc_a-reent.o) (_impure_ptr)
C:/ST/STM32CubeIDE_1.17.0/STM32CubeIDE/plugins/com.st.stm32cube.ide.mcu.externaltools.gnu-tools-for-stm32.12.3.rel1.win32_1.1.0.202410251130/tools/bin/../lib/gcc/arm-none-eabi/12.3.1/../../../../arm-none-eabi/lib/thumb/v7e-m+fp/hard\libc_nano.a(libc_a-lseekr.o)
[...]
Memory Configuration

Name             Origin             Length             Attributes
CCMRAM           0x10000000         0x00010000         xrw
RAM              0x20000000         0x00020000         xrw
FLASH            0x08000000         0x00100000         xr
*default*        0x00000000         0xffffffff

Linker script and memory map

LOAD C:/ST/STM32CubeIDE_1.17.0/STM32CubeIDE/plugins/com.st.stm32cube.ide.mcu.externaltools.gnu-tools-for-stm32.12.3.rel1.win32_1.1.0.202410251130/tools/bin/../lib/gcc/arm-none-eabi/12.3.1/thumb/v7e-m+fp/hard/crti.o
LOAD C:/ST/STM32CubeIDE_1.17.0/STM32CubeIDE/plugins/com.st.stm32cube.ide.mcu.externaltools.gnu-tools-for-stm32.12.3.rel1.win32_1.1.0.202410251130/tools/bin/../lib/gcc/arm-none-eabi/12.3.1/thumb/v7e-m+fp/hard/crtbegin.o
LOAD C:/ST/STM32CubeIDE_1.17.0/STM32CubeIDE/plugins/com.st.stm32cube.ide.mcu.externaltools.gnu-tools-for-stm32.12.3.rel1.win32_1.1.0.202410251130/tools/bin/../lib/gcc/arm-none-eabi/12.3.1/../../../../arm-none-eabi/lib/thumb/v7e-m+fp/hard/crt0.o
LOAD ./Core/Src/main.o
LOAD ./Core/Src/stm32f4xx_hal_msp.o
LOAD ./Core/Src/stm32f4xx_hal_timebase_tim.o
LOAD ./Core/Src/stm32f4xx_it.o
LOAD ./Core/Src/syscalls.o
LOAD ./Core/Src/sysmem.o
LOAD ./Core/Src/system_stm32f4xx.o
LOAD ./Core/Startup/startup_stm32f407vgtx.o
LOAD ./Drivers/STM32F4xx_HAL_Driver/Src/stm32f4xx_hal.o
LOAD ./Drivers/STM32F4xx_HAL_Driver/Src/stm32f4xx_hal_cortex.o
LOAD ./Drivers/STM32F4xx_HAL_Driver/Src/stm32f4xx_hal_dma.o
LOAD ./Drivers/STM32F4xx_HAL_Driver/Src/stm32f4xx_hal_dma_ex.o
LOAD ./Drivers/STM32F4xx_HAL_Driver/Src/stm32f4xx_hal_exti.o
LOAD ./Drivers/STM32F4xx_HAL_Driver/Src/stm32f4xx_hal_flash.o
LOAD ./Drivers/STM32F4xx_HAL_Driver/Src/stm32f4xx_hal_flash_ex.o
LOAD ./Drivers/STM32F4xx_HAL_Driver/Src/stm32f4xx_hal_flash_ramfunc.o
LOAD ./Drivers/STM32F4xx_HAL_Driver/Src/stm32f4xx_hal_gpio.o
LOAD ./Drivers/STM32F4xx_HAL_Driver/Src/stm32f4xx_hal_pwr.o
LOAD ./Drivers/STM32F4xx_HAL_Driver/Src/stm32f4xx_hal_pwr_ex.o
LOAD ./Drivers/STM32F4xx_HAL_Driver/Src/stm32f4xx_hal_rcc.o
LOAD ./Drivers/STM32F4xx_HAL_Driver/Src/stm32f4xx_hal_rcc_ex.o
LOAD ./Drivers/STM32F4xx_HAL_Driver/Src/stm32f4xx_hal_tim.o
LOAD ./Drivers/STM32F4xx_HAL_Driver/Src/stm32f4xx_hal_tim_ex.o
LOAD ./FreeRTOS/croutine.o
LOAD ./FreeRTOS/event_groups.o
LOAD ./FreeRTOS/list.o
LOAD ./FreeRTOS/queue.o
LOAD ./FreeRTOS/stream_buffer.o
LOAD ./FreeRTOS/tasks.o
LOAD ./FreeRTOS/timers.o
LOAD ./FreeRTOS/portable/ARM_CM4F/port.o
LOAD ./FreeRTOS/portable/MemMang/heap_4.o
START GROUP
LOAD C:/ST/STM32CubeIDE_1.17.0/STM32CubeIDE/plugins/com.st.stm32cube.ide.mcu.externaltools.gnu-tools-for-stm32.12.3.rel1.win32_1.1.0.202410251130/tools/bin/../lib/gcc/arm-none-eabi/12.3.1/../../../../arm-none-eabi/lib/thumb/v7e-m+fp/hard\libc_nano.a
LOAD C:/ST/STM32CubeIDE_1.17.0/STM32CubeIDE/plugins/com.st.stm32cube.ide.mcu.externaltools.gnu-tools-for-stm32.12.3.rel1.win32_1.1.0.202410251130/tools/bin/../lib/gcc/arm-none-eabi/12.3.1/../../../../arm-none-eabi/lib/thumb/v7e-m+fp/hard\libm.a
END GROUP
START GROUP
LOAD C:/ST/STM32CubeIDE_1.17.0/STM32CubeIDE/plugins/com.st.stm32cube.ide.mcu.externaltools.gnu-tools-for-stm32.12.3.rel1.win32_1.1.0.202410251130/tools/bin/../lib/gcc/arm-none-eabi/12.3.1/thumb/v7e-m+fp/hard\libgcc.a
LOAD C:/ST/STM32CubeIDE_1.17.0/STM32CubeIDE/plugins/com.st.stm32cube.ide.mcu.externaltools.gnu-tools-for-stm32.12.3.rel1.win32_1.1.0.202410251130/tools/bin/../lib/gcc/arm-none-eabi/12.3.1/../../../../arm-none-eabi/lib/thumb/v7e-m+fp/hard\libc_nano.a
END GROUP
START GROUP
LOAD C:/ST/STM32CubeIDE_1.17.0/STM32CubeIDE/plugins/com.st.stm32cube.ide.mcu.externaltools.gnu-tools-for-stm32.12.3.rel1.win32_1.1.0.202410251130/tools/bin/../lib/gcc/arm-none-eabi/12.3.1/thumb/v7e-m+fp/hard\libgcc.a
LOAD C:/ST/STM32CubeIDE_1.17.0/STM32CubeIDE/plugins/com.st.stm32cube.ide.mcu.externaltools.gnu-tools-for-stm32.12.3.rel1.win32_1.1.0.202410251130/tools/bin/../lib/gcc/arm-none-eabi/12.3.1/../../../../arm-none-eabi/lib/thumb/v7e-m+fp/hard\libc_nano.a
LOAD C:/ST/STM32CubeIDE_1.17.0/STM32CubeIDE/plugins/com.st.stm32cube.ide.mcu.externaltools.gnu-tools-for-stm32.12.3.rel1.win32_1.1.0.202410251130/tools/bin/../lib/gcc/arm-none-eabi/12.3.1/../../../../arm-none-eabi/lib/thumb/v7e-m+fp/hard\libnosys.a
END GROUP
START GROUP
LOAD C:/ST/STM32CubeIDE_1.17.0/STM32CubeIDE/plugins/com.st.stm32cube.ide.mcu.externaltools.gnu-tools-for-stm32.12.3.rel1.win32_1.1.0.202410251130/tools/bin/../lib/gcc/arm-none-eabi/12.3.1/thumb/v7e-m+fp/hard\libgcc.a
LOAD C:/ST/STM32CubeIDE_1.17.0/STM32CubeIDE/plugins/com.st.stm32cube.ide.mcu.externaltools.gnu-tools-for-stm32.12.3.rel1.win32_1.1.0.202410251130/tools/bin/../lib/gcc/arm-none-eabi/12.3.1/../../../../arm-none-eabi/lib/thumb/v7e-m+fp/hard\libc_nano.a
LOAD C:/ST/STM32CubeIDE_1.17.0/STM32CubeIDE/plugins/com.st.stm32cube.ide.mcu.externaltools.gnu-tools-for-stm32.12.3.rel1.win32_1.1.0.202410251130/tools/bin/../lib/gcc/arm-none-eabi/12.3.1/../../../../arm-none-eabi/lib/thumb/v7e-m+fp/hard\libnosys.a
END GROUP
LOAD C:/ST/STM32CubeIDE_1.17.0/STM32CubeIDE/plugins/com.st.stm32cube.ide.mcu.externaltools.gnu-tools-for-stm32.12.3.rel1.win32_1.1.0.202410251130/tools/bin/../lib/gcc/arm-none-eabi/12.3.1/thumb/v7e-m+fp/hard/crtend.o
LOAD C:/ST/STM32CubeIDE_1.17.0/STM32CubeIDE/plugins/com.st.stm32cube.ide.mcu.externaltools.gnu-tools-for-stm32.12.3.rel1.win32_1.1.0.202410251130/tools/bin/../lib/gcc/arm-none-eabi/12.3.1/thumb/v7e-m+fp/hard/crtn.o
                0x20020000                        _estack = (ORIGIN (RAM) + LENGTH (RAM))
                0x00000200                        _Min_Heap_Size = 0x200
                0x00000400                        _Min_Stack_Size = 0x400

.isr_vector     0x08000000      0x188
                0x08000000                        . = ALIGN (0x4)
 *(.isr_vector)
 .isr_vector    0x08000000      0x188 ./Core/Startup/startup_stm32f407vgtx.o
                0x08000000                g_pfnVectors
                0x08000188                        . = ALIGN (0x4)

.text           0x08000190     0x46e8
                0x08000190                        . = ALIGN (0x4)
 *(.text)
 .text          0x08000190       0x40 C:/ST/STM32CubeIDE_1.17.0/STM32CubeIDE/plugins/com.st.stm32cube.ide.mcu.externaltools.gnu-tools-for-stm32.12.3.rel1.win32_1.1.0.202410251130/tools/bin/../lib/gcc/arm-none-eabi/12.3.1/thumb/v7e-m+fp/hard/crtbegin.o
 .text          0x080001d0       0x30 C:/ST/STM32CubeIDE_1.17.0/STM32CubeIDE/plugins/com.st.stm32cube.ide.mcu.externaltools.gnu-tools-for-stm32.12.3.rel1.win32_1.1.0.202410251130/tools/bin/../lib/gcc/arm-none-eabi/12.3.1/thumb/v7e-m+fp/hard\libgcc.a(_aeabi_uldivmod.o)
                0x080001d0                __aeabi_uldivmod
 .text          0x08000200      0x2bc C:/ST/STM32CubeIDE_1.17.0/STM32CubeIDE/plugins/com.st.stm32cube.ide.mcu.externaltools.gnu-tools-for-stm32.12.3.rel1.win32_1.1.0.202410251130/tools/bin/../lib/gcc/arm-none-eabi/12.3.1/thumb/v7e-m+fp/hard\libgcc.a(_udivmoddi4.o)
                0x08000200                __udivmoddi4
 .text          0x080004bc        0x4 C:/ST/STM32CubeIDE_1.17.0/STM32CubeIDE/plugins/com.st.stm32cube.ide.mcu.externaltools.gnu-tools-for-stm32.12.3.rel1.win32_1.1.0.202410251130/tools/bin/../lib/gcc/arm-none-eabi/12.3.1/thumb/v7e-m+fp/hard\libgcc.a(_dvmd_tls.o)
                0x080004bc                __aeabi_idiv0
                0x080004bc                __aeabi_ldiv0
 *(.text*)
 .text.main     0x080004c0       0x70 ./Core/Src/main.o
                0x080004c0                main
 .text.vTaskBlueButtonControl
                0x08000530       0x78 ./Core/Src/main.o
                0x08000530                vTaskBlueButtonControl
 .text.vTaskLEDControl
                0x080005a8      0x144 ./Core/Src/main.o
                0x080005a8                vTaskLEDControl
 .text.SystemClock_Config
                0x080006ec       0xd4 ./Core/Src/main.o
                0x080006ec                SystemClock_Config
 .text.MX_GPIO_Init
                0x080007c0      0x2b8 ./Core/Src/main.o
 .text.HAL_TIM_PeriodElapsedCallback
                0x08000a78       0x24 ./Core/Src/main.o
                0x08000a78                HAL_TIM_PeriodElapsedCallback
 .text.Error_Handler
                0x08000a9c        0xc ./Core/Src/main.o
                0x08000a9c                Error_Handler
 .text.HAL_MspInit
                0x08000aa8       0x50 ./Core/Src/stm32f4xx_hal_msp.o
                0x08000aa8                HAL_MspInit
 .text.HAL_InitTick
                0x08000af8       0xf8 ./Core/Src/stm32f4xx_hal_timebase_tim.o
                0x08000af8                HAL_InitTick
 .text.NMI_Handler
                0x08000bf0        0x8 ./Core/Src/stm32f4xx_it.o
                0x08000bf0                NMI_Handler
 .text.HardFault_Handler
                0x08000bf8        0x8 ./Core/Src/stm32f4xx_it.o
                0x08000bf8                HardFault_Handler
 .text.MemManage_Handler
                0x08000c00        0x8 ./Core/Src/stm32f4xx_it.o
                0x08000c00                MemManage_Handler
 .text.BusFault_Handler
                0x08000c08        0x8 ./Core/Src/stm32f4xx_it.o
                0x08000c08                BusFault_Handler
 .text.UsageFault_Handler
                0x08000c10        0x8 ./Core/Src/stm32f4xx_it.o
                0x08000c10                UsageFault_Handler
 .text.DebugMon_Handler
                0x08000c18        0xe ./Core/Src/stm32f4xx_it.o
                0x08000c18                DebugMon_Handler
 *fill*         0x08000c26        0x2 
 .text.TIM7_IRQHandler
                0x08000c28       0x14 ./Core/Src/stm32f4xx_it.o
                0x08000c28                TIM7_IRQHandler
 .text.SystemInit
                0x08000c3c       0x24 ./Core/Src/system_stm32f4xx.o
                0x08000c3c                SystemInit
 .text.Reset_Handler
                0x08000c60       0x50 ./Core/Startup/startup_stm32f407vgtx.o
                0x08000c60                Reset_Handler
 .text.Default_Handler
                0x08000cb0        0x2 ./Core/Startup/startup_stm32f407vgtx.o
                0x08000cb0                RTC_Alarm_IRQHandler
                0x08000cb0                HASH_RNG_IRQHandler
                0x08000cb0                EXTI2_IRQHandler
                0x08000cb0                TIM8_CC_IRQHandler
                0x08000cb0                TIM1_CC_IRQHandler
                0x08000cb0                DMA2_Stream5_IRQHandler
                0x08000cb0                DMA1_Stream5_IRQHandler
                0x08000cb0                PVD_IRQHandler
                0x08000cb0                SDIO_IRQHandler
                0x08000cb0                TAMP_STAMP_IRQHandler
                0x08000cb0                CAN2_RX1_IRQHandler
                0x08000cb0                EXTI3_IRQHandler
                0x08000cb0                TIM8_TRG_COM_TIM14_IRQHandler
                0x08000cb0                TIM1_UP_TIM10_IRQHandler
                0x08000cb0                TIM8_UP_TIM13_IRQHandler
                0x08000cb0                I2C3_ER_IRQHandler
                0x08000cb0                EXTI0_IRQHandler
                0x08000cb0                I2C2_EV_IRQHandler
                0x08000cb0                DMA1_Stream2_IRQHandler
                0x08000cb0                CAN1_RX0_IRQHandler
                0x08000cb0                FPU_IRQHandler
                0x08000cb0                OTG_HS_WKUP_IRQHandler
                0x08000cb0                CAN2_SCE_IRQHandler
                0x08000cb0                DMA2_Stream2_IRQHandler
                0x08000cb0                SPI1_IRQHandler
                0x08000cb0                TIM6_DAC_IRQHandler
                0x08000cb0                TIM1_BRK_TIM9_IRQHandler
                0x08000cb0                DCMI_IRQHandler
                0x08000cb0                CAN2_RX0_IRQHandler
                0x08000cb0                DMA2_Stream3_IRQHandler
                0x08000cb0                USART6_IRQHandler
                0x08000cb0                USART3_IRQHandler
                0x08000cb0                CAN1_RX1_IRQHandler
                0x08000cb0                UART5_IRQHandler
                0x08000cb0                DMA2_Stream0_IRQHandler
                0x08000cb0                TIM4_IRQHandler
                0x08000cb0                I2C1_EV_IRQHandler
                0x08000cb0                DMA1_Stream6_IRQHandler
                0x08000cb0                DMA1_Stream1_IRQHandler
                0x08000cb0                UART4_IRQHandler
                0x08000cb0                TIM3_IRQHandler
                0x08000cb0                RCC_IRQHandler
                0x08000cb0                TIM8_BRK_TIM12_IRQHandler
                0x08000cb0                Default_Handler
                0x08000cb0                EXTI15_10_IRQHandler
                0x08000cb0                ADC_IRQHandler
                0x08000cb0                DMA1_Stream7_IRQHandler
                0x08000cb0                CAN2_TX_IRQHandler
                0x08000cb0                TIM5_IRQHandler
                0x08000cb0                DMA2_Stream7_IRQHandler
                0x08000cb0                I2C3_EV_IRQHandler
                0x08000cb0                EXTI9_5_IRQHandler
                0x08000cb0                RTC_WKUP_IRQHandler
                0x08000cb0                ETH_WKUP_IRQHandler
                0x08000cb0                SPI2_IRQHandler
                0x08000cb0                OTG_HS_EP1_IN_IRQHandler
                0x08000cb0                DMA1_Stream0_IRQHandler
                0x08000cb0                CAN1_TX_IRQHandler
                0x08000cb0                EXTI4_IRQHandler
                0x08000cb0                FSMC_IRQHandler
                0x08000cb0                ETH_IRQHandler
                0x08000cb0                OTG_HS_EP1_OUT_IRQHandler
                0x08000cb0                WWDG_IRQHandler
                0x08000cb0                TIM2_IRQHandler
                0x08000cb0                OTG_FS_WKUP_IRQHandler
                0x08000cb0                TIM1_TRG_COM_TIM11_IRQHandler
                0x08000cb0                OTG_HS_IRQHandler
                0x08000cb0                EXTI1_IRQHandler
                0x08000cb0                USART2_IRQHandler
                0x08000cb0                I2C2_ER_IRQHandler
                0x08000cb0                DMA2_Stream1_IRQHandler
                0x08000cb0                CAN1_SCE_IRQHandler
                0x08000cb0                FLASH_IRQHandler
                0x08000cb0                DMA2_Stream4_IRQHandler
                0x08000cb0                USART1_IRQHandler
                0x08000cb0                OTG_FS_IRQHandler
                0x08000cb0                SPI3_IRQHandler
                0x08000cb0                DMA1_Stream4_IRQHandler
                0x08000cb0                I2C1_ER_IRQHandler
                0x08000cb0                DMA2_Stream6_IRQHandler
                0x08000cb0                DMA1_Stream3_IRQHandler
 *fill*         0x08000cb2        0x2 
 .text.HAL_Init
                0x08000cb4       0x44 ./Drivers/STM32F4xx_HAL_Driver/Src/stm32f4xx_hal.o
                0x08000cb4                HAL_Init
 .text.HAL_IncTick
                0x08000cf8       0x28 ./Drivers/STM32F4xx_HAL_Driver/Src/stm32f4xx_hal.o
                0x08000cf8                HAL_IncTick
 .text.HAL_GetTick
                0x08000d20       0x18 ./Drivers/STM32F4xx_HAL_Driver/Src/stm32f4xx_hal.o
                0x08000d20                HAL_GetTick
 .text.__NVIC_SetPriorityGrouping
                0x08000d38       0x48 ./Drivers/STM32F4xx_HAL_Driver/Src/stm32f4xx_hal_cortex.o
 .text.__NVIC_GetPriorityGrouping
                0x08000d80       0x1c ./Drivers/STM32F4xx_HAL_Driver/Src/stm32f4xx_hal_cortex.o
 .text.__NVIC_EnableIRQ
                0x08000d9c       0x3c ./Drivers/STM32F4xx_HAL_Driver/Src/stm32f4xx_hal_cortex.o
 .text.__NVIC_SetPriority
                0x08000dd8       0x54 ./Drivers/STM32F4xx_HAL_Driver/Src/stm32f4xx_hal_cortex.o
 .text.NVIC_EncodePriority
                0x08000e2c       0x66 ./Drivers/STM32F4xx_HAL_Driver/Src/stm32f4xx_hal_cortex.o
 .text.HAL_NVIC_SetPriorityGrouping
                0x08000e92       0x16 ./Drivers/STM32F4xx_HAL_Driver/Src/stm32f4xx_hal_cortex.o
                0x08000e92                HAL_NVIC_SetPriorityGrouping
 .text.HAL_NVIC_SetPriority
                0x08000ea8       0x38 ./Drivers/STM32F4xx_HAL_Driver/Src/stm32f4xx_hal_cortex.o
                0x08000ea8                HAL_NVIC_SetPriority
 .text.HAL_NVIC_EnableIRQ
                0x08000ee0       0x1c ./Drivers/STM32F4xx_HAL_Driver/Src/stm32f4xx_hal_cortex.o
                0x08000ee0                HAL_NVIC_EnableIRQ
 .text.HAL_GPIO_Init
                0x08000efc      0x338 ./Drivers/STM32F4xx_HAL_Driver/Src/stm32f4xx_hal_gpio.o
                0x08000efc                HAL_GPIO_Init
 .text.HAL_GPIO_ReadPin
                0x08001234       0x30 ./Drivers/STM32F4xx_HAL_Driver/Src/stm32f4xx_hal_gpio.o
                0x08001234                HAL_GPIO_ReadPin
 .text.HAL_GPIO_WritePin
                0x08001264       0x32 ./Drivers/STM32F4xx_HAL_Driver/Src/stm32f4xx_hal_gpio.o
                0x08001264                HAL_GPIO_WritePin
 *fill*         0x08001296        0x2 
 .text.HAL_RCC_OscConfig
                0x08001298      0x4f0 ./Drivers/STM32F4xx_HAL_Driver/Src/stm32f4xx_hal_rcc.o
                0x08001298                HAL_RCC_OscConfig
 .text.HAL_RCC_ClockConfig
                0x08001788      0x1cc ./Drivers/STM32F4xx_HAL_Driver/Src/stm32f4xx_hal_rcc.o
                0x08001788                HAL_RCC_ClockConfig
 .text.HAL_RCC_GetSysClockFreq
                0x08001954      0x20c ./Drivers/STM32F4xx_HAL_Driver/Src/stm32f4xx_hal_rcc.o
                0x08001954                HAL_RCC_GetSysClockFreq
 .text.HAL_RCC_GetHCLKFreq
                0x08001b60       0x18 ./Drivers/STM32F4xx_HAL_Driver/Src/stm32f4xx_hal_rcc.o
                0x08001b60                HAL_RCC_GetHCLKFreq
 .text.HAL_RCC_GetPCLK1Freq
                0x08001b78       0x28 ./Drivers/STM32F4xx_HAL_Driver/Src/stm32f4xx_hal_rcc.o
                0x08001b78                HAL_RCC_GetPCLK1Freq
 .text.HAL_RCC_GetClockConfig
                0x08001ba0       0x64 ./Drivers/STM32F4xx_HAL_Driver/Src/stm32f4xx_hal_rcc.o
                0x08001ba0                HAL_RCC_GetClockConfig
 .text.HAL_TIM_Base_Init
                0x08001c04       0x9e ./Drivers/STM32F4xx_HAL_Driver/Src/stm32f4xx_hal_tim.o
                0x08001c04                HAL_TIM_Base_Init
 .text.HAL_TIM_Base_MspInit
                0x08001ca2       0x14 ./Drivers/STM32F4xx_HAL_Driver/Src/stm32f4xx_hal_tim.o
                0x08001ca2                HAL_TIM_Base_MspInit
 *fill*         0x08001cb6        0x2 
 .text.HAL_TIM_Base_Start_IT
                0x08001cb8       0xe0 ./Drivers/STM32F4xx_HAL_Driver/Src/stm32f4xx_hal_tim.o
                0x08001cb8                HAL_TIM_Base_Start_IT
 .text.HAL_TIM_IRQHandler
                0x08001d98      0x1e0 ./Drivers/STM32F4xx_HAL_Driver/Src/stm32f4xx_hal_tim.o
                0x08001d98                HAL_TIM_IRQHandler
 .text.HAL_TIM_OC_DelayElapsedCallback
                0x08001f78       0x14 ./Drivers/STM32F4xx_HAL_Driver/Src/stm32f4xx_hal_tim.o
                0x08001f78                HAL_TIM_OC_DelayElapsedCallback
 .text.HAL_TIM_IC_CaptureCallback
                0x08001f8c       0x14 ./Drivers/STM32F4xx_HAL_Driver/Src/stm32f4xx_hal_tim.o
                0x08001f8c                HAL_TIM_IC_CaptureCallback
 .text.HAL_TIM_PWM_PulseFinishedCallback
                0x08001fa0       0x14 ./Drivers/STM32F4xx_HAL_Driver/Src/stm32f4xx_hal_tim.o
                0x08001fa0                HAL_TIM_PWM_PulseFinishedCallback
 .text.HAL_TIM_TriggerCallback
                0x08001fb4       0x14 ./Drivers/STM32F4xx_HAL_Driver/Src/stm32f4xx_hal_tim.o
                0x08001fb4                HAL_TIM_TriggerCallback
 .text.TIM_Base_SetConfig
                0x08001fc8      0x158 ./Drivers/STM32F4xx_HAL_Driver/Src/stm32f4xx_hal_tim.o
                0x08001fc8                TIM_Base_SetConfig
 .text.HAL_TIMEx_CommutCallback
                0x08002120       0x14 ./Drivers/STM32F4xx_HAL_Driver/Src/stm32f4xx_hal_tim_ex.o
                0x08002120                HAL_TIMEx_CommutCallback
 .text.HAL_TIMEx_BreakCallback
                0x08002134       0x14 ./Drivers/STM32F4xx_HAL_Driver/Src/stm32f4xx_hal_tim_ex.o
                0x08002134                HAL_TIMEx_BreakCallback
 .text.vListInitialise
                0x08002148       0x40 ./FreeRTOS/list.o
                0x08002148                vListInitialise
 .text.vListInitialiseItem
                0x08002188       0x1a ./FreeRTOS/list.o
                0x08002188                vListInitialiseItem
 .text.vListInsertEnd
                0x080021a2       0x48 ./FreeRTOS/list.o
                0x080021a2                vListInsertEnd
 .text.vListInsert
                0x080021ea       0x72 ./FreeRTOS/list.o
                0x080021ea                vListInsert
 .text.uxListRemove
                0x0800225c       0x54 ./FreeRTOS/list.o
                0x0800225c                uxListRemove
 .text.xQueueGenericReset
                0x080022b0       0xd4 ./FreeRTOS/queue.o
                0x080022b0                xQueueGenericReset
 .text.xQueueGenericCreate
                0x08002384       0x7a ./FreeRTOS/queue.o
                0x08002384                xQueueGenericCreate
 .text.prvInitialiseNewQueue
                0x080023fe       0x46 ./FreeRTOS/queue.o
 .text.xQueueGenericSend
                0x08002444      0x204 ./FreeRTOS/queue.o
                0x08002444                xQueueGenericSend
 .text.xQueueGenericSendFromISR
                0x08002648      0x136 ./FreeRTOS/queue.o
                0x08002648                xQueueGenericSendFromISR
 *fill*         0x0800277e        0x2 
 .text.xQueueReceive
                0x08002780      0x1c4 ./FreeRTOS/queue.o
                0x08002780                xQueueReceive
 .text.prvCopyDataToQueue
                0x08002944       0xd4 ./FreeRTOS/queue.o
 .text.prvCopyDataFromQueue
                0x08002a18       0x4c ./FreeRTOS/queue.o
 .text.prvUnlockQueue
                0x08002a64       0xa4 ./FreeRTOS/queue.o
 .text.prvIsQueueEmpty
                0x08002b08       0x2c ./FreeRTOS/queue.o
 .text.prvIsQueueFull
                0x08002b34       0x30 ./FreeRTOS/queue.o
 .text.vQueueAddToRegistry
                0x08002b64       0x54 ./FreeRTOS/queue.o
                0x08002b64                vQueueAddToRegistry
 .text.vQueueWaitForMessageRestricted
                0x08002bb8       0x68 ./FreeRTOS/queue.o
                0x08002bb8                vQueueWaitForMessageRestricted
 .text.xTaskCreate
                0x08002c20       0x82 ./FreeRTOS/tasks.o
                0x08002c20                xTaskCreate
 .text.prvInitialiseNewTask
                0x08002ca2      0x120 ./FreeRTOS/tasks.o
 *fill*         0x08002dc2        0x2 
 .text.prvAddNewTaskToReadyList
                0x08002dc4       0xdc ./FreeRTOS/tasks.o
 .text.vTaskDelay
                0x08002ea0       0x6c ./FreeRTOS/tasks.o
                0x08002ea0                vTaskDelay
 .text.vTaskStartScheduler
                0x08002f0c       0x9c ./FreeRTOS/tasks.o
                0x08002f0c                vTaskStartScheduler
 .text.vTaskSuspendAll
                0x08002fa8       0x1c ./FreeRTOS/tasks.o
                0x08002fa8                vTaskSuspendAll
 .text.xTaskResumeAll
                0x08002fc4      0x13c ./FreeRTOS/tasks.o
                0x08002fc4                xTaskResumeAll
 .text.xTaskGetTickCount
                0x08003100       0x20 ./FreeRTOS/tasks.o
                0x08003100                xTaskGetTickCount
 .text.xTaskIncrementTick
                0x08003120      0x174 ./FreeRTOS/tasks.o
                0x08003120                xTaskIncrementTick
 .text.vTaskSwitchContext
                0x08003294       0xb8 ./FreeRTOS/tasks.o
                0x08003294                vTaskSwitchContext
 .text.vTaskPlaceOnEventList
                0x0800334c       0x4c ./FreeRTOS/tasks.o
                0x0800334c                vTaskPlaceOnEventList
 .text.vTaskPlaceOnEventListRestricted
                0x08003398       0x58 ./FreeRTOS/tasks.o
                0x08003398                vTaskPlaceOnEventListRestricted
 .text.xTaskRemoveFromEventList
                0x080033f0       0xc8 ./FreeRTOS/tasks.o
                0x080033f0                xTaskRemoveFromEventList
 .text.vTaskInternalSetTimeOutState
                0x080034b8       0x2c ./FreeRTOS/tasks.o
                0x080034b8                vTaskInternalSetTimeOutState
 .text.xTaskCheckForTimeOut
                0x080034e4       0xc8 ./FreeRTOS/tasks.o
                0x080034e4                xTaskCheckForTimeOut
 .text.vTaskMissedYield
                0x080035ac       0x18 ./FreeRTOS/tasks.o
                0x080035ac                vTaskMissedYield
 .text.prvIdleTask
                0x080035c4       0x30 ./FreeRTOS/tasks.o
 .text.prvInitialiseTaskLists
                0x080035f4       0x80 ./FreeRTOS/tasks.o
 .text.prvCheckTasksWaitingTermination
                0x08003674       0x5c ./FreeRTOS/tasks.o
 .text.prvDeleteTCB
                0x080036d0       0x20 ./FreeRTOS/tasks.o
 .text.prvResetNextTaskUnblockTime
                0x080036f0       0x40 ./FreeRTOS/tasks.o
 .text.xTaskGetSchedulerState
                0x08003730       0x3c ./FreeRTOS/tasks.o
                0x08003730                xTaskGetSchedulerState
 .text.xTaskPriorityDisinherit
                0x0800376c      0x110 ./FreeRTOS/tasks.o
                0x0800376c                xTaskPriorityDisinherit
 .text.prvAddCurrentTaskToDelayedList
                0x0800387c       0xcc ./FreeRTOS/tasks.o
 .text.xTimerCreateTimerTask
                0x08003948       0x68 ./FreeRTOS/timers.o
                0x08003948                xTimerCreateTimerTask
 .text.xTimerGenericCommand
                0x080039b0       0x9c ./FreeRTOS/timers.o
                0x080039b0                xTimerGenericCommand
 .text.prvProcessExpiredTimer
                0x08003a4c       0x9c ./FreeRTOS/timers.o
 .text.prvTimerTask
                0x08003ae8       0x26 ./FreeRTOS/timers.o
 *fill*         0x08003b0e        0x2 
 .text.prvProcessTimerOrBlockTask
                0x08003b10       0x9c ./FreeRTOS/timers.o
 .text.prvGetNextExpireTime
                0x08003bac       0x48 ./FreeRTOS/timers.o
 .text.prvSampleTimeNow
                0x08003bf4       0x40 ./FreeRTOS/timers.o
 .text.prvInsertTimerInActiveList
                0x08003c34       0x84 ./FreeRTOS/timers.o
 .text.prvProcessReceivedCommands
                0x08003cb8      0x194 ./FreeRTOS/timers.o
 .text.prvSwitchTimerLists
                0x08003e4c       0xcc ./FreeRTOS/timers.o
 .text.prvCheckForValidListAndQueue
                0x08003f18       0x6c ./FreeRTOS/timers.o
 .text.pxPortInitialiseStack
                0x08003f84       0x68 ./FreeRTOS/portable/ARM_CM4F/port.o
                0x08003f84                pxPortInitialiseStack
 .text.prvTaskExitError
                0x08003fec       0x5c ./FreeRTOS/portable/ARM_CM4F/port.o
 *fill*         0x08004048        0x8 
 .text.SVC_Handler
                0x08004050       0x28 ./FreeRTOS/portable/ARM_CM4F/port.o
                0x08004050                SVC_Handler
 .text.prvPortStartFirstTask
                0x08004078       0x28 ./FreeRTOS/portable/ARM_CM4F/port.o
 .text.xPortStartScheduler
                0x080040a0      0x148 ./FreeRTOS/portable/ARM_CM4F/port.o
                0x080040a0                xPortStartScheduler
 .text.vPortEnterCritical
                0x080041e8       0x64 ./FreeRTOS/portable/ARM_CM4F/port.o
                0x080041e8                vPortEnterCritical
 .text.vPortExitCritical
                0x0800424c       0x54 ./FreeRTOS/portable/ARM_CM4F/port.o
                0x0800424c                vPortExitCritical
 .text.PendSV_Handler
                0x080042a0       0x68 ./FreeRTOS/portable/ARM_CM4F/port.o
                0x080042a0                PendSV_Handler
 .text.SysTick_Handler
                0x08004308       0x44 ./FreeRTOS/portable/ARM_CM4F/port.o
                0x08004308                SysTick_Handler
 .text.vPortSetupTimerInterrupt
                0x0800434c       0x48 ./FreeRTOS/portable/ARM_CM4F/port.o
                0x0800434c                vPortSetupTimerInterrupt
 .text.vPortEnableVFP
                0x08004394       0x14 ./FreeRTOS/portable/ARM_CM4F/port.o
 .text.vPortValidateInterruptPriority
                0x080043a8       0x84 ./FreeRTOS/portable/ARM_CM4F/port.o
                0x080043a8                vPortValidateInterruptPriority
 .text.pvPortMalloc
                0x0800442c      0x190 ./FreeRTOS/portable/MemMang/heap_4.o
                0x0800442c                pvPortMalloc
 .text.vPortFree
                0x080045bc       0xb8 ./FreeRTOS/portable/MemMang/heap_4.o
                0x080045bc                vPortFree
 .text.prvHeapInit
                0x08004674       0xc4 ./FreeRTOS/portable/MemMang/heap_4.o
 .text.prvInsertBlockIntoFreeList
                0x08004738       0xb4 ./FreeRTOS/portable/MemMang/heap_4.o
 .text.memset   0x080047ec       0x10 C:/ST/STM32CubeIDE_1.17.0/STM32CubeIDE/plugins/com.st.stm32cube.ide.mcu.externaltools.gnu-tools-for-stm32.12.3.rel1.win32_1.1.0.202410251130/tools/bin/../lib/gcc/arm-none-eabi/12.3.1/../../../../arm-none-eabi/lib/thumb/v7e-m+fp/hard\libc_nano.a(libc_a-memset.o)
                0x080047ec                memset
 .text.__libc_init_array
                0x080047fc       0x48 C:/ST/STM32CubeIDE_1.17.0/STM32CubeIDE/plugins/com.st.stm32cube.ide.mcu.externaltools.gnu-tools-for-stm32.12.3.rel1.win32_1.1.0.202410251130/tools/bin/../lib/gcc/arm-none-eabi/12.3.1/../../../../arm-none-eabi/lib/thumb/v7e-m+fp/hard\libc_nano.a(libc_a-init.o)
                0x080047fc                __libc_init_array
 .text.memcpy   0x08004844       0x1c C:/ST/STM32CubeIDE_1.17.0/STM32CubeIDE/plugins/com.st.stm32cube.ide.mcu.externaltools.gnu-tools-for-stm32.12.3.rel1.win32_1.1.0.202410251130/tools/bin/../lib/gcc/arm-none-eabi/12.3.1/../../../../arm-none-eabi/lib/thumb/v7e-m+fp/hard\libc_nano.a(libc_a-memcpy-stub.o)
                0x08004844                memcpy
 *(.glue_7)
 .glue_7        0x08004860        0x0 linker stubs
 *(.glue_7t)
 .glue_7t       0x08004860        0x0 linker stubs
 *(.eh_frame)
 .eh_frame      0x08004860        0x0 C:/ST/STM32CubeIDE_1.17.0/STM32CubeIDE/plugins/com.st.stm32cube.ide.mcu.externaltools.gnu-tools-for-stm32.12.3.rel1.win32_1.1.0.202410251130/tools/bin/../lib/gcc/arm-none-eabi/12.3.1/thumb/v7e-m+fp/hard/crtbegin.o
 *(.init)
 .init          0x08004860        0x4 C:/ST/STM32CubeIDE_1.17.0/STM32CubeIDE/plugins/com.st.stm32cube.ide.mcu.externaltools.gnu-tools-for-stm32.12.3.rel1.win32_1.1.0.202410251130/tools/bin/../lib/gcc/arm-none-eabi/12.3.1/thumb/v7e-m+fp/hard/crti.o
                0x08004860                _init
 .init          0x08004864        0x8 C:/ST/STM32CubeIDE_1.17.0/STM32CubeIDE/plugins/com.st.stm32cube.ide.mcu.externaltools.gnu-tools-for-stm32.12.3.rel1.win32_1.1.0.202410251130/tools/bin/../lib/gcc/arm-none-eabi/12.3.1/thumb/v7e-m+fp/hard/crtn.o
 *(.fini)
 .fini          0x0800486c        0x4 C:/ST/STM32CubeIDE_1.17.0/STM32CubeIDE/plugins/com.st.stm32cube.ide.mcu.externaltools.gnu-tools-for-stm32.12.3.rel1.win32_1.1.0.202410251130/tools/bin/../lib/gcc/arm-none-eabi/12.3.1/thumb/v7e-m+fp/hard/crti.o
                0x0800486c                _fini
 .fini          0x08004870        0x8 C:/ST/STM32CubeIDE_1.17.0/STM32CubeIDE/plugins/com.st.stm32cube.ide.mcu.externaltools.gnu-tools-for-stm32.12.3.rel1.win32_1.1.0.202410251130/tools/bin/../lib/gcc/arm-none-eabi/12.3.1/thumb/v7e-m+fp/hard/crtn.o
                0x08004878                        . = ALIGN (0x4)
                0x08004878                        _etext = .

.vfp11_veneer   0x08004878        0x0
 .vfp11_veneer  0x08004878        0x0 linker stubs

.v4_bx          0x08004878        0x0
 .v4_bx         0x08004878        0x0 linker stubs

.iplt           0x08004878        0x0
 .iplt          0x08004878        0x0 C:/ST/STM32CubeIDE_1.17.0/STM32CubeIDE/plugins/com.st.stm32cube.ide.mcu.externaltools.gnu-tools-for-stm32.12.3.rel1.win32_1.1.0.202410251130/tools/bin/../lib/gcc/arm-none-eabi/12.3.1/thumb/v7e-m+fp/hard/crtbegin.o

.rodata         0x08004878       0x50
                0x08004878                        . = ALIGN (0x4)
 *(.rodata)
 .rodata        0x08004878       0x20 ./Core/Src/main.o
 .rodata        0x08004898        0x5 ./FreeRTOS/tasks.o
 *fill*         0x0800489d        0x3 
 .rodata        0x080048a0        0xd ./FreeRTOS/timers.o
 *(.rodata*)
 *fill*         0x080048ad        0x3 
 .rodata.AHBPrescTable
                0x080048b0       0x10 ./Core/Src/system_stm32f4xx.o
                0x080048b0                AHBPrescTable
 .rodata.APBPrescTable
                0x080048c0        0x8 ./Core/Src/system_stm32f4xx.o
                0x080048c0                APBPrescTable
                0x080048c8                        . = ALIGN (0x4)

.ARM.extab      0x080048c8        0x0
                0x080048c8                        . = ALIGN (0x4)
 *(.ARM.extab* .gnu.linkonce.armextab.*)
                0x080048c8                        . = ALIGN (0x4)

.ARM            0x080048c8        0x8
                0x080048c8                        . = ALIGN (0x4)
                0x080048c8                        __exidx_start = .
 *(.ARM.exidx*)
 .ARM.exidx     0x080048c8        0x8 C:/ST/STM32CubeIDE_1.17.0/STM32CubeIDE/plugins/com.st.stm32cube.ide.mcu.externaltools.gnu-tools-for-stm32.12.3.rel1.win32_1.1.0.202410251130/tools/bin/../lib/gcc/arm-none-eabi/12.3.1/thumb/v7e-m+fp/hard\libgcc.a(_udivmoddi4.o)
                0x080048d0                        __exidx_end = .
                0x080048d0                        . = ALIGN (0x4)

.preinit_array  0x080048d0        0x0
                0x080048d0                        . = ALIGN (0x4)
                0x080048d0                        PROVIDE (__preinit_array_start = .)
 *(.preinit_array*)
                0x080048d0                        PROVIDE (__preinit_array_end = .)
                0x080048d0                        . = ALIGN (0x4)

.init_array     0x080048d0        0x4
                0x080048d0                        . = ALIGN (0x4)
                0x080048d0                        PROVIDE (__init_array_start = .)
 *(SORT_BY_NAME(.init_array.*))
 *(.init_array*)
 .init_array    0x080048d0        0x4 C:/ST/STM32CubeIDE_1.17.0/STM32CubeIDE/plugins/com.st.stm32cube.ide.mcu.externaltools.gnu-tools-for-stm32.12.3.rel1.win32_1.1.0.202410251130/tools/bin/../lib/gcc/arm-none-eabi/12.3.1/thumb/v7e-m+fp/hard/crtbegin.o
                0x080048d4                        PROVIDE (__init_array_end = .)
                0x080048d4                        . = ALIGN (0x4)

.fini_array     0x080048d4        0x4
                0x080048d4                        . = ALIGN (0x4)
                [!provide]                        PROVIDE (__fini_array_start = .)
 *(SORT_BY_NAME(.fini_array.*))
 *(.fini_array*)
 .fini_array    0x080048d4        0x4 C:/ST/STM32CubeIDE_1.17.0/STM32CubeIDE/plugins/com.st.stm32cube.ide.mcu.externaltools.gnu-tools-for-stm32.12.3.rel1.win32_1.1.0.202410251130/tools/bin/../lib/gcc/arm-none-eabi/12.3.1/thumb/v7e-m+fp/hard/crtbegin.o
                [!provide]                        PROVIDE (__fini_array_end = .)
                0x080048d8                        . = ALIGN (0x4)
                0x080048d8                        _sidata = LOADADDR (.data)

.rel.dyn        0x080048d8        0x0
 .rel.iplt      0x080048d8        0x0 C:/ST/STM32CubeIDE_1.17.0/STM32CubeIDE/plugins/com.st.stm32cube.ide.mcu.externaltools.gnu-tools-for-stm32.12.3.rel1.win32_1.1.0.202410251130/tools/bin/../lib/gcc/arm-none-eabi/12.3.1/thumb/v7e-m+fp/hard/crtbegin.o

.data           0x20000000       0x10 load address 0x080048d8
                0x20000000                        . = ALIGN (0x4)
                0x20000000                        _sdata = .
 *(.data)
 *(.data*)
 .data.SystemCoreClock
                0x20000000        0x4 ./Core/Src/system_stm32f4xx.o
                0x20000000                SystemCoreClock
 .data.uwTickPrio
                0x20000004        0x4 ./Drivers/STM32F4xx_HAL_Driver/Src/stm32f4xx_hal.o
                0x20000004                uwTickPrio
 .data.uwTickFreq
                0x20000008        0x1 ./Drivers/STM32F4xx_HAL_Driver/Src/stm32f4xx_hal.o
                0x20000008                uwTickFreq
 *fill*         0x20000009        0x3 
 .data.uxCriticalNesting
                0x2000000c        0x4 ./FreeRTOS/portable/ARM_CM4F/port.o
 *(.RamFunc)
 *(.RamFunc*)
                0x20000010                        . = ALIGN (0x4)
                0x20000010                        _edata = .
                0x080048e8                        _siccmram = LOADADDR (.ccmram)

.igot.plt       0x20000010        0x0 load address 0x080048e8
 .igot.plt      0x20000010        0x0 C:/ST/STM32CubeIDE_1.17.0/STM32CubeIDE/plugins/com.st.stm32cube.ide.mcu.externaltools.gnu-tools-for-stm32.12.3.rel1.win32_1.1.0.202410251130/tools/bin/../lib/gcc/arm-none-eabi/12.3.1/thumb/v7e-m+fp/hard/crtbegin.o

.ccmram         0x10000000        0x0 load address 0x080048e8
                0x10000000                        . = ALIGN (0x4)
                0x10000000                        _sccmram = .
 *(.ccmram)
 *(.ccmram*)
                0x10000000                        . = ALIGN (0x4)
                0x10000000                        _eccmram = .
                0x10000000                        . = ALIGN (0x4)

.bss            0x20000010    0x12e0c
                0x20000010                        _sbss = .
                0x20000010                        __bss_start__ = _sbss
 *(.bss)
 .bss           0x20000010       0x1c C:/ST/STM32CubeIDE_1.17.0/STM32CubeIDE/plugins/com.st.stm32cube.ide.mcu.externaltools.gnu-tools-for-stm32.12.3.rel1.win32_1.1.0.202410251130/tools/bin/../lib/gcc/arm-none-eabi/12.3.1/thumb/v7e-m+fp/hard/crtbegin.o
 *(.bss*)
 .bss.MsgQueue  0x2000002c        0x4 ./Core/Src/main.o
                0x2000002c                MsgQueue
 .bss.htim7     0x20000030       0x48 ./Core/Src/stm32f4xx_hal_timebase_tim.o
                0x20000030                htim7
 .bss.uwTick    0x20000078        0x4 ./Drivers/STM32F4xx_HAL_Driver/Src/stm32f4xx_hal.o
                0x20000078                uwTick
 .bss.xQueueRegistry
                0x2000007c       0x40 ./FreeRTOS/queue.o
                0x2000007c                xQueueRegistry
 .bss.pxCurrentTCB
                0x200000bc        0x4 ./FreeRTOS/tasks.o
                0x200000bc                pxCurrentTCB
 .bss.pxReadyTasksLists
                0x200000c0       0x64 ./FreeRTOS/tasks.o
 .bss.xDelayedTaskList1
                0x20000124       0x14 ./FreeRTOS/tasks.o
 .bss.xDelayedTaskList2
                0x20000138       0x14 ./FreeRTOS/tasks.o
 .bss.pxDelayedTaskList
                0x2000014c        0x4 ./FreeRTOS/tasks.o
 .bss.pxOverflowDelayedTaskList
                0x20000150        0x4 ./FreeRTOS/tasks.o
 .bss.xPendingReadyList
                0x20000154       0x14 ./FreeRTOS/tasks.o
 .bss.xTasksWaitingTermination
                0x20000168       0x14 ./FreeRTOS/tasks.o
 .bss.uxDeletedTasksWaitingCleanUp
                0x2000017c        0x4 ./FreeRTOS/tasks.o
 .bss.xSuspendedTaskList
                0x20000180       0x14 ./FreeRTOS/tasks.o
 .bss.uxCurrentNumberOfTasks
                0x20000194        0x4 ./FreeRTOS/tasks.o
 .bss.xTickCount
                0x20000198        0x4 ./FreeRTOS/tasks.o
 .bss.uxTopReadyPriority
                0x2000019c        0x4 ./FreeRTOS/tasks.o
 .bss.xSchedulerRunning
                0x200001a0        0x4 ./FreeRTOS/tasks.o
 .bss.uxPendedTicks
                0x200001a4        0x4 ./FreeRTOS/tasks.o
 .bss.xYieldPending
                0x200001a8        0x4 ./FreeRTOS/tasks.o
 .bss.xNumOfOverflows
                0x200001ac        0x4 ./FreeRTOS/tasks.o
 .bss.uxTaskNumber
                0x200001b0        0x4 ./FreeRTOS/tasks.o
 .bss.xNextTaskUnblockTime
                0x200001b4        0x4 ./FreeRTOS/tasks.o
 .bss.xIdleTaskHandle
                0x200001b8        0x4 ./FreeRTOS/tasks.o
 .bss.uxSchedulerSuspended
                0x200001bc        0x4 ./FreeRTOS/tasks.o
 .bss.xActiveTimerList1
                0x200001c0       0x14 ./FreeRTOS/timers.o
 .bss.xActiveTimerList2
                0x200001d4       0x14 ./FreeRTOS/timers.o
 .bss.pxCurrentTimerList
                0x200001e8        0x4 ./FreeRTOS/timers.o
 .bss.pxOverflowTimerList
                0x200001ec        0x4 ./FreeRTOS/timers.o
 .bss.xTimerQueue
                0x200001f0        0x4 ./FreeRTOS/timers.o
 .bss.xTimerTaskHandle
                0x200001f4        0x4 ./FreeRTOS/timers.o
 .bss.xLastTime.0
                0x200001f8        0x4 ./FreeRTOS/timers.o
 .bss.ucMaxSysCallPriority
                0x200001fc        0x1 ./FreeRTOS/portable/ARM_CM4F/port.o
 *fill*         0x200001fd        0x3 
 .bss.ulMaxPRIGROUPValue
                0x20000200        0x4 ./FreeRTOS/portable/ARM_CM4F/port.o
 .bss.ucHeap    0x20000204    0x12c00 ./FreeRTOS/portable/MemMang/heap_4.o
 .bss.xStart    0x20012e04        0x8 ./FreeRTOS/portable/MemMang/heap_4.o
 .bss.pxEnd     0x20012e0c        0x4 ./FreeRTOS/portable/MemMang/heap_4.o
 .bss.xFreeBytesRemaining
                0x20012e10        0x4 ./FreeRTOS/portable/MemMang/heap_4.o
 .bss.xMinimumEverFreeBytesRemaining
                0x20012e14        0x4 ./FreeRTOS/portable/MemMang/heap_4.o
 .bss.xBlockAllocatedBit
                0x20012e18        0x4 ./FreeRTOS/portable/MemMang/heap_4.o
 *(COMMON)
                0x20012e1c                        . = ALIGN (0x4)
                0x20012e1c                        _ebss = .
                0x20012e1c                        __bss_end__ = _ebss

._user_heap_stack
                0x20012e1c      0x604
                0x20012e20                        . = ALIGN (0x8)
 *fill*         0x20012e1c        0x4 
                [!provide]                        PROVIDE (end = .)
                0x20012e20                        PROVIDE (_end = .)
                0x20013020                        . = (. + _Min_Heap_Size)
 *fill*         0x20012e20      0x200 
                0x20013420                        . = (. + _Min_Stack_Size)
 *fill*         0x20013020      0x400 
                0x20013420                        . = ALIGN (0x8)

/DISCARD/
 libc.a(*)
 libm.a(*)
 libgcc.a(*)

.ARM.attributes
                0x00000000       0x30
 *(.ARM.attributes)
 .ARM.attributes
                0x00000000       0x22 C:/ST/STM32CubeIDE_1.17.0/STM32CubeIDE/plugins/com.st.stm32cube.ide.mcu.externaltools.gnu-tools-for-stm32.12.3.rel1.win32_1.1.0.202410251130/tools/bin/../lib/gcc/arm-none-eabi/12.3.1/thumb/v7e-m+fp/hard/crti.o
 .ARM.attributes
                0x00000022       0x34 C:/ST/STM32CubeIDE_1.17.0/STM32CubeIDE/plugins/com.st.stm32cube.ide.mcu.externaltools.gnu-tools-for-stm32.12.3.rel1.win32_1.1.0.202410251130/tools/bin/../lib/gcc/arm-none-eabi/12.3.1/thumb/v7e-m+fp/hard/crtbegin.o
 .ARM.attributes
                0x00000056       0x34 ./Core/Src/main.o
 .ARM.attributes
                0x0000008a       0x34 ./Core/Src/stm32f4xx_hal_msp.o
 .ARM.attributes
                0x000000be       0x34 ./Core/Src/stm32f4xx_hal_timebase_tim.o
 .ARM.attributes
                0x000000f2       0x34 ./Core/Src/stm32f4xx_it.o
 .ARM.attributes
                0x00000126       0x34 ./Core/Src/system_stm32f4xx.o
 .ARM.attributes
                0x0000015a       0x21 ./Core/Startup/startup_stm32f407vgtx.o
 .ARM.attributes
                0x0000017b       0x34 ./Drivers/STM32F4xx_HAL_Driver/Src/stm32f4xx_hal.o
 .ARM.attributes
                0x000001af       0x34 ./Drivers/STM32F4xx_HAL_Driver/Src/stm32f4xx_hal_cortex.o
 .ARM.attributes
                0x000001e3       0x34 ./Drivers/STM32F4xx_HAL_Driver/Src/stm32f4xx_hal_gpio.o
 .ARM.attributes
                0x00000217       0x34 ./Drivers/STM32F4xx_HAL_Driver/Src/stm32f4xx_hal_rcc.o
 .ARM.attributes
                0x0000024b       0x34 ./Drivers/STM32F4xx_HAL_Driver/Src/stm32f4xx_hal_tim.o
 .ARM.attributes
                0x0000027f       0x34 ./Drivers/STM32F4xx_HAL_Driver/Src/stm32f4xx_hal_tim_ex.o
 .ARM.attributes
                0x000002b3       0x34 ./FreeRTOS/list.o
 .ARM.attributes
                0x000002e7       0x34 ./FreeRTOS/queue.o
 .ARM.attributes
                0x0000031b       0x34 ./FreeRTOS/tasks.o
 .ARM.attributes
                0x0000034f       0x34 ./FreeRTOS/timers.o
 .ARM.attributes
                0x00000383       0x34 ./FreeRTOS/portable/ARM_CM4F/port.o
 .ARM.attributes
                0x000003b7       0x34 ./FreeRTOS/portable/MemMang/heap_4.o
 .ARM.attributes
                0x000003eb       0x34 C:/ST/STM32CubeIDE_1.17.0/STM32CubeIDE/plugins/com.st.stm32cube.ide.mcu.externaltools.gnu-tools-for-stm32.12.3.rel1.win32_1.1.0.202410251130/tools/bin/../lib/gcc/arm-none-eabi/12.3.1/../../../../arm-none-eabi/lib/thumb/v7e-m+fp/hard\libc_nano.a(libc_a-memset.o)
 .ARM.attributes
                0x0000041f       0x34 C:/ST/STM32CubeIDE_1.17.0/STM32CubeIDE/plugins/com.st.stm32cube.ide.mcu.externaltools.gnu-tools-for-stm32.12.3.rel1.win32_1.1.0.202410251130/tools/bin/../lib/gcc/arm-none-eabi/12.3.1/../../../../arm-none-eabi/lib/thumb/v7e-m+fp/hard\libc_nano.a(libc_a-init.o)
 .ARM.attributes
                0x00000453       0x34 C:/ST/STM32CubeIDE_1.17.0/STM32CubeIDE/plugins/com.st.stm32cube.ide.mcu.externaltools.gnu-tools-for-stm32.12.3.rel1.win32_1.1.0.202410251130/tools/bin/../lib/gcc/arm-none-eabi/12.3.1/../../../../arm-none-eabi/lib/thumb/v7e-m+fp/hard\libc_nano.a(libc_a-memcpy-stub.o)
 .ARM.attributes
                0x00000487       0x22 C:/ST/STM32CubeIDE_1.17.0/STM32CubeIDE/plugins/com.st.stm32cube.ide.mcu.externaltools.gnu-tools-for-stm32.12.3.rel1.win32_1.1.0.202410251130/tools/bin/../lib/gcc/arm-none-eabi/12.3.1/thumb/v7e-m+fp/hard\libgcc.a(_aeabi_uldivmod.o)
 .ARM.attributes
                0x000004a9       0x34 C:/ST/STM32CubeIDE_1.17.0/STM32CubeIDE/plugins/com.st.stm32cube.ide.mcu.externaltools.gnu-tools-for-stm32.12.3.rel1.win32_1.1.0.202410251130/tools/bin/../lib/gcc/arm-none-eabi/12.3.1/thumb/v7e-m+fp/hard\libgcc.a(_udivmoddi4.o)
 .ARM.attributes
                0x000004dd       0x22 C:/ST/STM32CubeIDE_1.17.0/STM32CubeIDE/plugins/com.st.stm32cube.ide.mcu.externaltools.gnu-tools-for-stm32.12.3.rel1.win32_1.1.0.202410251130/tools/bin/../lib/gcc/arm-none-eabi/12.3.1/thumb/v7e-m+fp/hard\libgcc.a(_dvmd_tls.o)
 .ARM.attributes
                0x000004ff       0x22 C:/ST/STM32CubeIDE_1.17.0/STM32CubeIDE/plugins/com.st.stm32cube.ide.mcu.externaltools.gnu-tools-for-stm32.12.3.rel1.win32_1.1.0.202410251130/tools/bin/../lib/gcc/arm-none-eabi/12.3.1/thumb/v7e-m+fp/hard/crtn.o
OUTPUT(lab_1.elf elf32-littlearm)
LOAD linker stubs
LOAD C:/ST/STM32CubeIDE_1.17.0/STM32CubeIDE/plugins/com.st.stm32cube.ide.mcu.externaltools.gnu-tools-for-stm32.12.3.rel1.win32_1.1.0.202410251130/tools/bin/../lib/gcc/arm-none-eabi/12.3.1/../../../../arm-none-eabi/lib/thumb/v7e-m+fp/hard\libc.a
LOAD C:/ST/STM32CubeIDE_1.17.0/STM32CubeIDE/plugins/com.st.stm32cube.ide.mcu.externaltools.gnu-tools-for-stm32.12.3.rel1.win32_1.1.0.202410251130/tools/bin/../lib/gcc/arm-none-eabi/12.3.1/../../../../arm-none-eabi/lib/thumb/v7e-m+fp/hard\libm.a
LOAD C:/ST/STM32CubeIDE_1.17.0/STM32CubeIDE/plugins/com.st.stm32cube.ide.mcu.externaltools.gnu-tools-for-stm32.12.3.rel1.win32_1.1.0.202410251130/tools/bin/../lib/gcc/arm-none-eabi/12.3.1/thumb/v7e-m+fp/hard\libgcc.a

.debug_info     0x00000000     0xdd11
 .debug_info    0x00000000      0xf46 ./Core/Src/main.o
 .debug_info    0x00000f46      0x269 ./Core/Src/stm32f4xx_hal_msp.o
 .debug_info    0x000011af      0xbee ./Core/Src/stm32f4xx_hal_timebase_tim.o
 .debug_info    0x00001d9d      0x6ab ./Core/Src/stm32f4xx_it.o
 .debug_info    0x00002448      0x512 ./Core/Src/system_stm32f4xx.o
 .debug_info    0x0000295a       0x30 ./Core/Startup/startup_stm32f407vgtx.o
 .debug_info    0x0000298a      0x944 ./Drivers/STM32F4xx_HAL_Driver/Src/stm32f4xx_hal.o
 .debug_info    0x000032ce      0xd8c ./Drivers/STM32F4xx_HAL_Driver/Src/stm32f4xx_hal_cortex.o
 .debug_info    0x0000405a      0x6c3 ./Drivers/STM32F4xx_HAL_Driver/Src/stm32f4xx_hal_gpio.o
 .debug_info    0x0000471d      0x8af ./Drivers/STM32F4xx_HAL_Driver/Src/stm32f4xx_hal_rcc.o
 .debug_info    0x00004fcc     0x299d ./Drivers/STM32F4xx_HAL_Driver/Src/stm32f4xx_hal_tim.o
 .debug_info    0x00007969     0x14db ./Drivers/STM32F4xx_HAL_Driver/Src/stm32f4xx_hal_tim_ex.o
 .debug_info    0x00008e44      0x2af ./FreeRTOS/list.o
 .debug_info    0x000090f3     0x1740 ./FreeRTOS/queue.o
 .debug_info    0x0000a833     0x1e4f ./FreeRTOS/tasks.o
 .debug_info    0x0000c682      0xdec ./FreeRTOS/timers.o
 .debug_info    0x0000d46e      0x4de ./FreeRTOS/portable/ARM_CM4F/port.o
 .debug_info    0x0000d94c      0x3c5 ./FreeRTOS/portable/MemMang/heap_4.o

.debug_abbrev   0x00000000     0x2637
 .debug_abbrev  0x00000000      0x2f5 ./Core/Src/main.o
 .debug_abbrev  0x000002f5       0xd8 ./Core/Src/stm32f4xx_hal_msp.o
 .debug_abbrev  0x000003cd      0x1f4 ./Core/Src/stm32f4xx_hal_timebase_tim.o
 .debug_abbrev  0x000005c1      0x17d ./Core/Src/stm32f4xx_it.o
 .debug_abbrev  0x0000073e      0x11a ./Core/Src/system_stm32f4xx.o
 .debug_abbrev  0x00000858       0x24 ./Core/Startup/startup_stm32f407vgtx.o
 .debug_abbrev  0x0000087c      0x214 ./Drivers/STM32F4xx_HAL_Driver/Src/stm32f4xx_hal.o
 .debug_abbrev  0x00000a90      0x31d ./Drivers/STM32F4xx_HAL_Driver/Src/stm32f4xx_hal_cortex.o
 .debug_abbrev  0x00000dad      0x1d4 ./Drivers/STM32F4xx_HAL_Driver/Src/stm32f4xx_hal_gpio.o
 .debug_abbrev  0x00000f81      0x2b7 ./Drivers/STM32F4xx_HAL_Driver/Src/stm32f4xx_hal_rcc.o
 .debug_abbrev  0x00001238      0x278 ./Drivers/STM32F4xx_HAL_Driver/Src/stm32f4xx_hal_tim.o
 .debug_abbrev  0x000014b0      0x283 ./Drivers/STM32F4xx_HAL_Driver/Src/stm32f4xx_hal_tim_ex.o
 .debug_abbrev  0x00001733       0xf5 ./FreeRTOS/list.o
 .debug_abbrev  0x00001828      0x352 ./FreeRTOS/queue.o
 .debug_abbrev  0x00001b7a      0x37e ./FreeRTOS/tasks.o
 .debug_abbrev  0x00001ef8      0x2de ./FreeRTOS/timers.o
 .debug_abbrev  0x000021d6      0x25c ./FreeRTOS/portable/ARM_CM4F/port.o
 .debug_abbrev  0x00002432      0x205 ./FreeRTOS/portable/MemMang/heap_4.o

.debug_aranges  0x00000000      0xe70
 .debug_aranges
                0x00000000       0x50 ./Core/Src/main.o
 .debug_aranges
                0x00000050       0x20 ./Core/Src/stm32f4xx_hal_msp.o
 .debug_aranges
                0x00000070       0x30 ./Core/Src/stm32f4xx_hal_timebase_tim.o
 .debug_aranges
                0x000000a0       0x50 ./Core/Src/stm32f4xx_it.o
 .debug_aranges
                0x000000f0       0x28 ./Core/Src/system_stm32f4xx.o
 .debug_aranges
                0x00000118       0x28 ./Core/Startup/startup_stm32f407vgtx.o
 .debug_aranges
                0x00000140       0xf0 ./Drivers/STM32F4xx_HAL_Driver/Src/stm32f4xx_hal.o
 .debug_aranges
                0x00000230      0x130 ./Drivers/STM32F4xx_HAL_Driver/Src/stm32f4xx_hal_cortex.o
 .debug_aranges
                0x00000360       0x58 ./Drivers/STM32F4xx_HAL_Driver/Src/stm32f4xx_hal_gpio.o
 .debug_aranges
                0x000003b8       0x88 ./Drivers/STM32F4xx_HAL_Driver/Src/stm32f4xx_hal_rcc.o
 .debug_aranges
                0x00000440      0x3d0 ./Drivers/STM32F4xx_HAL_Driver/Src/stm32f4xx_hal_tim.o
 .debug_aranges
                0x00000810      0x168 ./Drivers/STM32F4xx_HAL_Driver/Src/stm32f4xx_hal_tim_ex.o
 .debug_aranges
                0x00000978       0x40 ./FreeRTOS/list.o
 .debug_aranges
                0x000009b8      0x130 ./FreeRTOS/queue.o
 .debug_aranges
                0x00000ae8      0x1e8 ./FreeRTOS/tasks.o
 .debug_aranges
                0x00000cd0       0xd0 ./FreeRTOS/timers.o
 .debug_aranges
                0x00000da0       0x80 ./FreeRTOS/portable/ARM_CM4F/port.o
 .debug_aranges
                0x00000e20       0x50 ./FreeRTOS/portable/MemMang/heap_4.o

.debug_rnglists
                0x00000000      0xb1b
 .debug_rnglists
                0x00000000       0x3a ./Core/Src/main.o
 .debug_rnglists
                0x0000003a       0x13 ./Core/Src/stm32f4xx_hal_msp.o
 .debug_rnglists
                0x0000004d       0x20 ./Core/Src/stm32f4xx_hal_timebase_tim.o
 .debug_rnglists
                0x0000006d       0x37 ./Core/Src/stm32f4xx_it.o
 .debug_rnglists
                0x000000a4       0x1a ./Core/Src/system_stm32f4xx.o
 .debug_rnglists
                0x000000be       0x19 ./Core/Startup/startup_stm32f407vgtx.o
 .debug_rnglists
                0x000000d7       0xaf ./Drivers/STM32F4xx_HAL_Driver/Src/stm32f4xx_hal.o
 .debug_rnglists
                0x00000186       0xe0 ./Drivers/STM32F4xx_HAL_Driver/Src/stm32f4xx_hal_cortex.o
 .debug_rnglists
                0x00000266       0x3f ./Drivers/STM32F4xx_HAL_Driver/Src/stm32f4xx_hal_gpio.o
 .debug_rnglists
                0x000002a5       0x66 ./Drivers/STM32F4xx_HAL_Driver/Src/stm32f4xx_hal_rcc.o
 .debug_rnglists
                0x0000030b      0x31a ./Drivers/STM32F4xx_HAL_Driver/Src/stm32f4xx_hal_tim.o
 .debug_rnglists
                0x00000625      0x125 ./Drivers/STM32F4xx_HAL_Driver/Src/stm32f4xx_hal_tim_ex.o
 .debug_rnglists
                0x0000074a       0x2b ./FreeRTOS/list.o
 .debug_rnglists
                0x00000775       0xea ./FreeRTOS/queue.o
 .debug_rnglists
                0x0000085f      0x187 ./FreeRTOS/tasks.o
 .debug_rnglists
                0x000009e6       0x9d ./FreeRTOS/timers.o
 .debug_rnglists
                0x00000a83       0x5d ./FreeRTOS/portable/ARM_CM4F/port.o
 .debug_rnglists
                0x00000ae0       0x3b ./FreeRTOS/portable/MemMang/heap_4.o

.debug_macro    0x00000000    0x22010
 .debug_macro   0x00000000      0x35a ./Core/Src/main.o
 .debug_macro   0x0000035a      0xab4 ./Core/Src/main.o
 .debug_macro   0x00000e0e      0x295 ./Core/Src/main.o
 .debug_macro   0x000010a3       0x2e ./Core/Src/main.o
 .debug_macro   0x000010d1       0x2f ./Core/Src/main.o
 .debug_macro   0x00001100       0x22 ./Core/Src/main.o
 .debug_macro   0x00001122       0x8e ./Core/Src/main.o
 .debug_macro   0x000011b0       0x51 ./Core/Src/main.o
 .debug_macro   0x00001201      0x103 ./Core/Src/main.o
 .debug_macro   0x00001304       0x6a ./Core/Src/main.o
 .debug_macro   0x0000136e      0x1df ./Core/Src/main.o
 .debug_macro   0x0000154d       0x1c ./Core/Src/main.o
 .debug_macro   0x00001569       0x22 ./Core/Src/main.o
 .debug_macro   0x0000158b       0xfb ./Core/Src/main.o
 .debug_macro   0x00001686     0x1011 ./Core/Src/main.o
 .debug_macro   0x00002697      0x11f ./Core/Src/main.o
 .debug_macro   0x000027b6    0x15e97 ./Core/Src/main.o
 .debug_macro   0x0001864d       0x6d ./Core/Src/main.o
 .debug_macro   0x000186ba     0x369a ./Core/Src/main.o
 .debug_macro   0x0001bd54      0x189 ./Core/Src/main.o
 .debug_macro   0x0001bedd       0x5c ./Core/Src/main.o
 .debug_macro   0x0001bf39      0x980 ./Core/Src/main.o
 .debug_macro   0x0001c8b9      0x9e9 ./Core/Src/main.o
 .debug_macro   0x0001d2a2      0x115 ./Core/Src/main.o
 .debug_macro   0x0001d3b7      0x13e ./Core/Src/main.o
 .debug_macro   0x0001d4f5       0xa5 ./Core/Src/main.o
 .debug_macro   0x0001d59a      0x174 ./Core/Src/main.o
 .debug_macro   0x0001d70e      0x287 ./Core/Src/main.o
 .debug_macro   0x0001d995       0x5f ./Core/Src/main.o
 .debug_macro   0x0001d9f4      0x236 ./Core/Src/main.o
 .debug_macro   0x0001dc2a      0x12c ./Core/Src/main.o
 .debug_macro   0x0001dd56      0x21e ./Core/Src/main.o
 .debug_macro   0x0001df74       0x2e ./Core/Src/main.o
 .debug_macro   0x0001dfa2      0x127 ./Core/Src/main.o
 .debug_macro   0x0001e0c9       0x7e ./Core/Src/main.o
 .debug_macro   0x0001e147       0x89 ./Core/Src/main.o
 .debug_macro   0x0001e1d0      0x8ed ./Core/Src/main.o
 .debug_macro   0x0001eabd       0x4d ./Core/Src/main.o
 .debug_macro   0x0001eb0a      0x12d ./Core/Src/main.o
 .debug_macro   0x0001ec37      0x190 ./Core/Src/main.o
 .debug_macro   0x0001edc7      0x106 ./Core/Src/main.o
 .debug_macro   0x0001eecd      0x15a ./Core/Src/main.o
 .debug_macro   0x0001f027       0xe4 ./Core/Src/main.o
 .debug_macro   0x0001f10b       0x1c ./Core/Src/main.o
 .debug_macro   0x0001f127       0x26 ./Core/Src/main.o
 .debug_macro   0x0001f14d      0x4d3 ./Core/Src/main.o
 .debug_macro   0x0001f620       0xb5 ./Core/Src/main.o
 .debug_macro   0x0001f6d5       0xaa ./Core/Src/main.o
 .debug_macro   0x0001f77f       0x80 ./Core/Src/main.o
 .debug_macro   0x0001f7ff       0x61 ./Core/Src/main.o
 .debug_macro   0x0001f860       0x2a ./Core/Src/main.o
 .debug_macro   0x0001f88a       0x43 ./Core/Src/main.o
 .debug_macro   0x0001f8cd       0x34 ./Core/Src/main.o
 .debug_macro   0x0001f901       0x16 ./Core/Src/main.o
 .debug_macro   0x0001f917       0x35 ./Core/Src/main.o
 .debug_macro   0x0001f94c      0x369 ./Core/Src/main.o
 .debug_macro   0x0001fcb5       0x10 ./Core/Src/main.o
 .debug_macro   0x0001fcc5       0x16 ./Core/Src/main.o
 .debug_macro   0x0001fcdb       0x43 ./Core/Src/main.o
 .debug_macro   0x0001fd1e       0x34 ./Core/Src/main.o
 .debug_macro   0x0001fd52       0x10 ./Core/Src/main.o
 .debug_macro   0x0001fd62       0x58 ./Core/Src/main.o
 .debug_macro   0x0001fdba       0x8e ./Core/Src/main.o
 .debug_macro   0x0001fe48       0x1c ./Core/Src/main.o
 .debug_macro   0x0001fe64      0x177 ./Core/Src/main.o
 .debug_macro   0x0001ffdb       0x16 ./Core/Src/main.o
 .debug_macro   0x0001fff1       0x16 ./Core/Src/main.o
 .debug_macro   0x00020007      0x146 ./Core/Src/main.o
 .debug_macro   0x0002014d       0x16 ./Core/Src/main.o
 .debug_macro   0x00020163       0x16 ./Core/Src/main.o
 .debug_macro   0x00020179       0x29 ./Core/Src/main.o
 .debug_macro   0x000201a2      0x1d3 ./Core/Src/stm32f4xx_hal_msp.o
 .debug_macro   0x00020375      0x1c4 ./Core/Src/stm32f4xx_hal_timebase_tim.o
 .debug_macro   0x00020539      0x1dd ./Core/Src/stm32f4xx_it.o
 .debug_macro   0x00020716      0x1c4 ./Core/Src/system_stm32f4xx.o
 .debug_macro   0x000208da      0x224 ./Drivers/STM32F4xx_HAL_Driver/Src/stm32f4xx_hal.o
 .debug_macro   0x00020afe      0x1c4 ./Drivers/STM32F4xx_HAL_Driver/Src/stm32f4xx_hal_cortex.o
 .debug_macro   0x00020cc2      0x1ca ./Drivers/STM32F4xx_HAL_Driver/Src/stm32f4xx_hal_gpio.o
 .debug_macro   0x00020e8c      0x1e8 ./Drivers/STM32F4xx_HAL_Driver/Src/stm32f4xx_hal_rcc.o
 .debug_macro   0x00021074      0x1c5 ./Drivers/STM32F4xx_HAL_Driver/Src/stm32f4xx_hal_tim.o
 .debug_macro   0x00021239      0x1c4 ./Drivers/STM32F4xx_HAL_Driver/Src/stm32f4xx_hal_tim_ex.o
 .debug_macro   0x000213fd      0x187 ./FreeRTOS/list.o
 .debug_macro   0x00021584      0x216 ./FreeRTOS/queue.o
 .debug_macro   0x0002179a       0x16 ./FreeRTOS/queue.o
 .debug_macro   0x000217b0       0x20 ./FreeRTOS/queue.o
 .debug_macro   0x000217d0      0x279 ./FreeRTOS/tasks.o
 .debug_macro   0x00021a49       0x10 ./FreeRTOS/tasks.o
 .debug_macro   0x00021a59      0x1dc ./FreeRTOS/timers.o
 .debug_macro   0x00021c35       0x97 ./FreeRTOS/timers.o
 .debug_macro   0x00021ccc      0x196 ./FreeRTOS/portable/ARM_CM4F/port.o
 .debug_macro   0x00021e62      0x1ae ./FreeRTOS/portable/MemMang/heap_4.o

.debug_line     0x00000000    0x105ed
 .debug_line    0x00000000      0xc37 ./Core/Src/main.o
 .debug_line    0x00000c37      0x72e ./Core/Src/stm32f4xx_hal_msp.o
 .debug_line    0x00001365      0x7aa ./Core/Src/stm32f4xx_hal_timebase_tim.o
 .debug_line    0x00001b0f      0x7cb ./Core/Src/stm32f4xx_it.o
 .debug_line    0x000022da      0x7b3 ./Core/Src/system_stm32f4xx.o
 .debug_line    0x00002a8d       0x7a ./Core/Startup/startup_stm32f407vgtx.o
 .debug_line    0x00002b07      0xa1c ./Drivers/STM32F4xx_HAL_Driver/Src/stm32f4xx_hal.o
 .debug_line    0x00003523      0xd0e ./Drivers/STM32F4xx_HAL_Driver/Src/stm32f4xx_hal_cortex.o
 .debug_line    0x00004231      0xba8 ./Drivers/STM32F4xx_HAL_Driver/Src/stm32f4xx_hal_gpio.o
 .debug_line    0x00004dd9      0xda7 ./Drivers/STM32F4xx_HAL_Driver/Src/stm32f4xx_hal_rcc.o
 .debug_line    0x00005b80     0x37c0 ./Drivers/STM32F4xx_HAL_Driver/Src/stm32f4xx_hal_tim.o
 .debug_line    0x00009340     0x1a12 ./Drivers/STM32F4xx_HAL_Driver/Src/stm32f4xx_hal_tim_ex.o
 .debug_line    0x0000ad52      0x7bb ./FreeRTOS/list.o
 .debug_line    0x0000b50d     0x15cb ./FreeRTOS/queue.o
 .debug_line    0x0000cad8     0x1bfd ./FreeRTOS/tasks.o
 .debug_line    0x0000e6d5      0xcfb ./FreeRTOS/timers.o
 .debug_line    0x0000f3d0      0x89d ./FreeRTOS/portable/ARM_CM4F/port.o
 .debug_line    0x0000fc6d      0x980 ./FreeRTOS/portable/MemMang/heap_4.o

.debug_str      0x00000000    0xd05d1
 .debug_str     0x00000000    0xca9ae ./Core/Src/main.o
                              0xcad4b (size before relaxing)
 .debug_str     0x000ca9ae       0x2c ./Core/Src/stm32f4xx_hal_msp.o
                              0xc2726 (size before relaxing)
 .debug_str     0x000ca9da      0x60a ./Core/Src/stm32f4xx_hal_timebase_tim.o
                              0xc2c34 (size before relaxing)
 .debug_str     0x000cafe4       0xb5 ./Core/Src/stm32f4xx_it.o
                              0xc2bd3 (size before relaxing)
 .debug_str     0x000cb099       0xdb ./Core/Src/system_stm32f4xx.o
                              0xc213d (size before relaxing)
 .debug_str     0x000cb174       0x44 ./Core/Startup/startup_stm32f407vgtx.o
                                 0x9b (size before relaxing)
 .debug_str     0x000cb1b8      0x5d3 ./Drivers/STM32F4xx_HAL_Driver/Src/stm32f4xx_hal.o
                              0xc2cc1 (size before relaxing)
 .debug_str     0x000cb78b      0x37f ./Drivers/STM32F4xx_HAL_Driver/Src/stm32f4xx_hal_cortex.o
                              0xc2a3d (size before relaxing)
 .debug_str     0x000cbb0a      0x120 ./Drivers/STM32F4xx_HAL_Driver/Src/stm32f4xx_hal_gpio.o
                              0xc22b8 (size before relaxing)
 .debug_str     0x000cbc2a      0x1fd ./Drivers/STM32F4xx_HAL_Driver/Src/stm32f4xx_hal_rcc.o
                              0xc2571 (size before relaxing)
 .debug_str     0x000cbe27      0xe79 ./Drivers/STM32F4xx_HAL_Driver/Src/stm32f4xx_hal_tim.o
                              0xc34c7 (size before relaxing)
 .debug_str     0x000ccca0      0x503 ./Drivers/STM32F4xx_HAL_Driver/Src/stm32f4xx_hal_tim_ex.o
                              0xc2cd3 (size before relaxing)
 .debug_str     0x000cd1a3      0x12f ./FreeRTOS/list.o
                               0xab06 (size before relaxing)
 .debug_str     0x000cd2d2      0xac0 ./FreeRTOS/queue.o
                               0xc3cf (size before relaxing)
 .debug_str     0x000cdd92     0x19dd ./FreeRTOS/tasks.o
                               0xcfa7 (size before relaxing)
 .debug_str     0x000cf76f      0x4e7 ./FreeRTOS/timers.o
                               0xc780 (size before relaxing)
 .debug_str     0x000cfc56      0x760 ./FreeRTOS/portable/ARM_CM4F/port.o
                               0x8747 (size before relaxing)
 .debug_str     0x000d03b6      0x21b ./FreeRTOS/portable/MemMang/heap_4.o
                               0xb323 (size before relaxing)

.comment        0x00000000       0x43
 .comment       0x00000000       0x43 ./Core/Src/main.o
                                 0x44 (size before relaxing)
 .comment       0x00000043       0x44 ./Core/Src/stm32f4xx_hal_msp.o
 .comment       0x00000043       0x44 ./Core/Src/stm32f4xx_hal_timebase_tim.o
 .comment       0x00000043       0x44 ./Core/Src/stm32f4xx_it.o
 .comment       0x00000043       0x44 ./Core/Src/system_stm32f4xx.o
 .comment       0x00000043       0x44 ./Drivers/STM32F4xx_HAL_Driver/Src/stm32f4xx_hal.o
 .comment       0x00000043       0x44 ./Drivers/STM32F4xx_HAL_Driver/Src/stm32f4xx_hal_cortex.o
 .comment       0x00000043       0x44 ./Drivers/STM32F4xx_HAL_Driver/Src/stm32f4xx_hal_gpio.o
 .comment       0x00000043       0x44 ./Drivers/STM32F4xx_HAL_Driver/Src/stm32f4xx_hal_rcc.o
 .comment       0x00000043       0x44 ./Drivers/STM32F4xx_HAL_Driver/Src/stm32f4xx_hal_tim.o
 .comment       0x00000043       0x44 ./Drivers/STM32F4xx_HAL_Driver/Src/stm32f4xx_hal_tim_ex.o
 .comment       0x00000043       0x44 ./FreeRTOS/list.o
 .comment       0x00000043       0x44 ./FreeRTOS/queue.o
 .comment       0x00000043       0x44 ./FreeRTOS/tasks.o
 .comment       0x00000043       0x44 ./FreeRTOS/timers.o
 .comment       0x00000043       0x44 ./FreeRTOS/portable/ARM_CM4F/port.o
 .comment       0x00000043       0x44 ./FreeRTOS/portable/MemMang/heap_4.o

.debug_frame    0x00000000     0x3bbc
 .debug_frame   0x00000000       0xf8 ./Core/Src/main.o
 .debug_frame   0x000000f8       0x38 ./Core/Src/stm32f4xx_hal_msp.o
 .debug_frame   0x00000130       0x74 ./Core/Src/stm32f4xx_hal_timebase_tim.o
 .debug_frame   0x000001a4       0xc4 ./Core/Src/stm32f4xx_it.o
 .debug_frame   0x00000268       0x58 ./Core/Src/system_stm32f4xx.o
 .debug_frame   0x000002c0      0x374 ./Drivers/STM32F4xx_HAL_Driver/Src/stm32f4xx_hal.o
 .debug_frame   0x00000634      0x508 ./Drivers/STM32F4xx_HAL_Driver/Src/stm32f4xx_hal_cortex.o
 .debug_frame   0x00000b3c      0x14c ./Drivers/STM32F4xx_HAL_Driver/Src/stm32f4xx_hal_gpio.o
 .debug_frame   0x00000c88      0x1f4 ./Drivers/STM32F4xx_HAL_Driver/Src/stm32f4xx_hal_rcc.o
 .debug_frame   0x00000e7c     0x11c0 ./Drivers/STM32F4xx_HAL_Driver/Src/stm32f4xx_hal_tim.o
 .debug_frame   0x0000203c      0x638 ./Drivers/STM32F4xx_HAL_Driver/Src/stm32f4xx_hal_tim_ex.o
 .debug_frame   0x00002674       0xd8 ./FreeRTOS/list.o
 .debug_frame   0x0000274c      0x530 ./FreeRTOS/queue.o
 .debug_frame   0x00002c7c      0x854 ./FreeRTOS/tasks.o
 .debug_frame   0x000034d0      0x368 ./FreeRTOS/timers.o
 .debug_frame   0x00003838      0x1a8 ./FreeRTOS/portable/ARM_CM4F/port.o
 .debug_frame   0x000039e0      0x108 ./FreeRTOS/portable/MemMang/heap_4.o
 .debug_frame   0x00003ae8       0x20 C:/ST/STM32CubeIDE_1.17.0/STM32CubeIDE/plugins/com.st.stm32cube.ide.mcu.externaltools.gnu-tools-for-stm32.12.3.rel1.win32_1.1.0.202410251130/tools/bin/../lib/gcc/arm-none-eabi/12.3.1/../../../../arm-none-eabi/lib/thumb/v7e-m+fp/hard\libc_nano.a(libc_a-memset.o)
 .debug_frame   0x00003b08       0x2c C:/ST/STM32CubeIDE_1.17.0/STM32CubeIDE/plugins/com.st.stm32cube.ide.mcu.externaltools.gnu-tools-for-stm32.12.3.rel1.win32_1.1.0.202410251130/tools/bin/../lib/gcc/arm-none-eabi/12.3.1/../../../../arm-none-eabi/lib/thumb/v7e-m+fp/hard\libc_nano.a(libc_a-init.o)
 .debug_frame   0x00003b34       0x28 C:/ST/STM32CubeIDE_1.17.0/STM32CubeIDE/plugins/com.st.stm32cube.ide.mcu.externaltools.gnu-tools-for-stm32.12.3.rel1.win32_1.1.0.202410251130/tools/bin/../lib/gcc/arm-none-eabi/12.3.1/../../../../arm-none-eabi/lib/thumb/v7e-m+fp/hard\libc_nano.a(libc_a-memcpy-stub.o)
 .debug_frame   0x00003b5c       0x2c C:/ST/STM32CubeIDE_1.17.0/STM32CubeIDE/plugins/com.st.stm32cube.ide.mcu.externaltools.gnu-tools-for-stm32.12.3.rel1.win32_1.1.0.202410251130/tools/bin/../lib/gcc/arm-none-eabi/12.3.1/thumb/v7e-m+fp/hard\libgcc.a(_aeabi_uldivmod.o)
 .debug_frame   0x00003b88       0x34 C:/ST/STM32CubeIDE_1.17.0/STM32CubeIDE/plugins/com.st.stm32cube.ide.mcu.externaltools.gnu-tools-for-stm32.12.3.rel1.win32_1.1.0.202410251130/tools/bin/../lib/gcc/arm-none-eabi/12.3.1/thumb/v7e-m+fp/hard\libgcc.a(_udivmoddi4.o)

.debug_line_str
                0x00000000       0x7f
 .debug_line_str
                0x00000000       0x7f ./Core/Startup/startup_stm32f407vgtx.o
